// Jest Snapshot v1, https://goo.gl/fbAQLP

exports[`Test Button Component Should render Button unchanged 1`] = `
<div>
  <button
    class="px-4 py-2 disabled:opacity-50 disabled:cursor-not-allowed bg-black-primary text-white bg-primary-500 rounded-full font-semibold focus:outline-none hover:opacity-90 "
    type="button"
  >
    My Button Test
  </button>
</div>
`;
